
   FAIL  Tests\Feature\ImportSdmTest
  Γ¿» superadmin can preview sdm import
  Γ¿» non superadmin cannot access sdm import
  ΓöÇΓöÇΓöÇΓöÇΓöÇΓöÇΓöÇΓöÇΓöÇΓöÇΓöÇΓöÇΓöÇΓöÇΓöÇΓöÇΓöÇΓöÇΓöÇΓöÇΓöÇΓöÇΓöÇΓöÇΓöÇΓöÇΓöÇΓöÇΓöÇΓöÇΓöÇΓöÇΓöÇΓöÇΓöÇΓöÇΓöÇΓöÇΓöÇ  
   FAILED  Tests\FeaturΓÇª  QueryException   
  SQLSTATE[HY000]: General error: 1 near "MODIFY": syntax error (Connection: sqlite, Database: :memory:, SQL: ALTER TABLE ranks MODIFY COLUMN category ENUM('PATI','PAMEN','PAMA','BINTARA','PNS','SISWA'))

  at vendor\laravel\framework\src\Illuminate\Database\Connection.php:838
    834Γûò             $exceptionType = $this->isUniqueConstraintError($e)
    835Γûò                 ? UniqueConstraintViolationException::class
    836Γûò                 : QueryException::class;
    837Γûò 
  Γ₧£ 838Γûò             throw new $exceptionType(
    839Γûò                 $this->getNameWithReadWriteType(),
    840Γûò                 $query,
    841Γûò                 $this->prepareBindings($bindings),
    842Γûò                 $e,

  1   vendor\laravel\framework\src\Illuminate\Database\Connection.php:838

  2   vendor\laravel\framework\src\Illuminate\Database\Connection.php:578
      NunoMaduro\Collision\Exceptions\TestException::("SQLSTATE[HY000]: General error: 1 near "MODIFY": syntax error")

  ΓöÇΓöÇΓöÇΓöÇΓöÇΓöÇΓöÇΓöÇΓöÇΓöÇΓöÇΓöÇΓöÇΓöÇΓöÇΓöÇΓöÇΓöÇΓöÇΓöÇΓöÇΓöÇΓöÇΓöÇΓöÇΓöÇΓöÇΓöÇΓöÇΓöÇΓöÇΓöÇΓöÇΓöÇΓöÇΓöÇΓöÇΓöÇΓöÇ  
   FAILED  Tests\FeaturΓÇª  QueryException   
  SQLSTATE[HY000]: General error: 1 near "MODIFY": syntax error (Connection: sqlite, Database: :memory:, SQL: ALTER TABLE ranks MODIFY COLUMN category ENUM('PATI','PAMEN','PAMA','BINTARA','PNS','SISWA'))

  at vendor\laravel\framework\src\Illuminate\Database\Connection.php:838
    834Γûò             $exceptionType = $this->isUniqueConstraintError($e)
    835Γûò                 ? UniqueConstraintViolationException::class
    836Γûò                 : QueryException::class;
    837Γûò 
  Γ₧£ 838Γûò             throw new $exceptionType(
    839Γûò                 $this->getNameWithReadWriteType(),
    840Γûò                 $query,
    841Γûò                 $this->prepareBindings($bindings),
    842Γûò                 $e,

  1   vendor\laravel\framework\src\Illuminate\Database\Connection.php:838

  2   vendor\laravel\framework\src\Illuminate\Database\Connection.php:578
      NunoMaduro\Collision\Exceptions\TestException::("SQLSTATE[HY000]: General error: 1 near "MODIFY": syntax error")


  Tests:    2 failed (0 assertions)
  Duration: 2.09s

